// Jest Snapshot v1, https://goo.gl/fbAQLP

exports[`BpmnViewer Component correctly render the snapshot 1`] = `
<DocumentFragment>
  <div
    class="relative h-full w-full select-none"
    data-testid="canvas"
    id="canvas"
  />
</DocumentFragment>
`;

exports[`ResponsiveBpmnViewer correctly render the ResponsiveBpmnViewer snapshot 1`] = `
<DocumentFragment>
  <div>
    <div
      class="relative h-full w-full select-none"
      data-testid="canvas"
      id="canvas"
    >
      <div
        class="absolute right-2 top-2 z-50 flex w-10 flex-col gap-2"
      >
        <button
          class="group hover:shadow-lg transition relative box-border text-accent hover:bg-hover active:bg-active rounded bg-second-accent px-3 py-2"
        >
          <div
            class="absolute -left-3 top-[50%] -translate-x-[100%] -translate-y-[50%] scale-50 rounded bg-[#202020] px-2 py-1 text-white opacity-0 transition group-hover:scale-100 group-hover:opacity-100"
          >
            <p
              class="whitespace-nowrap text-sm"
            >
              Zoom In
            </p>
          </div>
          <div
            class="transition-width absolute bottom-0 left-0 w-full transform rounded bg-accent duration-100"
            style="height: 0px;"
          />
          <span>
            <svg
              aria-hidden="true"
              class="MuiSvgIcon-root MuiSvgIcon-fontSizeMedium css-1lrr7yx-MuiSvgIcon-root"
              data-testid="ZoomInIcon"
              focusable="false"
              viewBox="0 0 24 24"
            >
              <path
                d="M15.5 14h-.79l-.28-.27C15.41 12.59 16 11.11 16 9.5 16 5.91 13.09 3 9.5 3S3 5.91 3 9.5 5.91 16 9.5 16c1.61 0 3.09-.59 4.23-1.57l.27.28v.79l5 4.99L20.49 19l-4.99-5zm-6 0C7.01 14 5 11.99 5 9.5S7.01 5 9.5 5 14 7.01 14 9.5 11.99 14 9.5 14z"
              />
              <path
                d="M12 10h-2v2H9v-2H7V9h2V7h1v2h2v1z"
              />
            </svg>
          </span>
        </button>
        <button
          class="group hover:shadow-lg transition relative box-border text-accent hover:bg-hover active:bg-active rounded bg-second-accent px-3 py-2"
        >
          <div
            class="absolute -left-3 top-[50%] -translate-x-[100%] -translate-y-[50%] scale-50 rounded bg-[#202020] px-2 py-1 text-white opacity-0 transition group-hover:scale-100 group-hover:opacity-100"
          >
            <p
              class="whitespace-nowrap text-sm"
            >
              Zoom Out
            </p>
          </div>
          <div
            class="transition-width absolute bottom-0 left-0 w-full transform rounded bg-accent duration-100"
            style="height: 0px;"
          />
          <span>
            <svg
              aria-hidden="true"
              class="MuiSvgIcon-root MuiSvgIcon-fontSizeMedium css-1lrr7yx-MuiSvgIcon-root"
              data-testid="ZoomOutIcon"
              focusable="false"
              viewBox="0 0 24 24"
            >
              <path
                d="M15.5 14h-.79l-.28-.27C15.41 12.59 16 11.11 16 9.5 16 5.91 13.09 3 9.5 3S3 5.91 3 9.5 5.91 16 9.5 16c1.61 0 3.09-.59 4.23-1.57l.27.28v.79l5 4.99L20.49 19l-4.99-5zm-6 0C7.01 14 5 11.99 5 9.5S7.01 5 9.5 5 14 7.01 14 9.5 11.99 14 9.5 14zM7 9h5v1H7z"
              />
            </svg>
          </span>
        </button>
        <button
          class="group hover:shadow-lg transition relative box-border text-accent hover:bg-hover active:bg-active rounded bg-second-accent px-3 py-2"
        >
          <div
            class="absolute -left-3 top-[50%] -translate-x-[100%] -translate-y-[50%] scale-50 rounded bg-[#202020] px-2 py-1 text-white opacity-0 transition group-hover:scale-100 group-hover:opacity-100"
          >
            <p
              class="whitespace-nowrap text-sm"
            >
              Reset View
            </p>
          </div>
          <div
            class="transition-width absolute bottom-0 left-0 w-full transform rounded bg-accent duration-100"
            style="height: 0px;"
          />
          <span>
            <svg
              aria-hidden="true"
              class="MuiSvgIcon-root MuiSvgIcon-fontSizeMedium css-1lrr7yx-MuiSvgIcon-root"
              data-testid="CenterFocusWeakIcon"
              focusable="false"
              viewBox="0 0 24 24"
            >
              <path
                d="M5 15H3v4c0 1.1.9 2 2 2h4v-2H5v-4zM5 5h4V3H5c-1.1 0-2 .9-2 2v4h2V5zm14-2h-4v2h4v4h2V5c0-1.1-.9-2-2-2zm0 16h-4v2h4c1.1 0 2-.9 2-2v-4h-2v4zM12 8c-2.21 0-4 1.79-4 4s1.79 4 4 4 4-1.79 4-4-1.79-4-4-4zm0 6c-1.1 0-2-.9-2-2s.9-2 2-2 2 .9 2 2-.9 2-2 2z"
              />
            </svg>
          </span>
        </button>
      </div>
    </div>
  </div>
</DocumentFragment>
`;
