// Jest Snapshot v1, https://goo.gl/fbAQLP

exports[`HorizontalTable Component renders correctly 1`] = `
<DocumentFragment>
  <table
    class="w-full border-collapse rounded bg-white"
  >
    <thead
      class="border-b-2 border-accent font-bold text-text"
    >
      <tr>
        <th
          class="cursor-pointer py-1 text-left"
        >
          <button
            class="group hover:shadow-lg transition relative box-border text-accent hover:bg-hover active:bg-active rounded px-3 py-2 w-full text-left"
          >
            <div
              class="transition-width absolute bottom-0 left-0 w-full transform rounded bg-accent duration-100"
              style="height: 0px;"
            />
            <span>
              <div
                class="relative flex justify-between pr-5"
              >
                <p>
                  Element ID
                </p>
                <div
                  class="absolute right-0"
                />
              </div>
            </span>
          </button>
        </th>
        <th
          class="cursor-pointer py-1 text-left"
        >
          <button
            class="group hover:shadow-lg transition relative box-border text-accent hover:bg-hover active:bg-active rounded px-3 py-2 w-full text-left"
          >
            <div
              class="transition-width absolute bottom-0 left-0 w-full transform rounded bg-accent duration-100"
              style="height: 0px;"
            />
            <span>
              <div
                class="relative flex justify-between pr-5"
              >
                <p>
                  Variable name
                </p>
                <div
                  class="absolute right-0"
                />
              </div>
            </span>
          </button>
        </th>
        <th
          class="cursor-pointer py-1 text-left"
        >
          <button
            class="group hover:shadow-lg transition relative box-border text-accent hover:bg-hover active:bg-active rounded px-3 py-2 w-full text-left"
          >
            <div
              class="transition-width absolute bottom-0 left-0 w-full transform rounded bg-accent duration-100"
              style="height: 0px;"
            />
            <span>
              <div
                class="relative flex justify-between pr-5"
              >
                <p>
                  Variable Value
                </p>
                <div
                  class="absolute right-0"
                />
              </div>
            </span>
          </button>
        </th>
        <th
          class="cursor-pointer py-1 text-left"
        >
          <button
            class="group hover:shadow-lg transition relative box-border text-accent hover:bg-hover active:bg-active rounded px-3 py-2 w-full text-left"
          >
            <div
              class="transition-width absolute bottom-0 left-0 w-full transform rounded bg-accent duration-100"
              style="height: 0px;"
            />
            <span>
              <div
                class="relative flex justify-between pr-5"
              >
                <p>
                  Flow Scope Key
                </p>
                <div
                  class="absolute right-0"
                />
              </div>
            </span>
          </button>
        </th>
        <th
          class="cursor-pointer py-1 text-left"
        >
          <button
            class="group hover:shadow-lg transition relative box-border text-accent hover:bg-hover active:bg-active rounded px-3 py-2 w-full text-left"
          >
            <div
              class="transition-width absolute bottom-0 left-0 w-full transform rounded bg-accent duration-100"
              style="height: 0px;"
            />
            <span>
              <div
                class="relative flex justify-between pr-5"
              >
                <p>
                  Time created
                </p>
                <div
                  class="absolute right-0"
                />
              </div>
            </span>
          </button>
        </th>
        <th
          class="cursor-pointer py-1 text-left"
        >
          <button
            class="group hover:shadow-lg transition relative box-border text-accent hover:bg-hover active:bg-active rounded px-3 py-2 w-full text-left"
          >
            <div
              class="transition-width absolute bottom-0 left-0 w-full transform rounded bg-accent duration-100"
              style="height: 0px;"
            />
            <span>
              <div
                class="relative flex justify-between pr-5"
              >
                <p>
                  Option
                </p>
                <div
                  class="absolute right-0"
                />
              </div>
            </span>
          </button>
        </th>
      </tr>
    </thead>
    <tbody
      aria-label="custom pagination table"
    >
      <tr
        class="border-b border-black/10 bg-second-accent hover:bg-second-accent/20"
      >
        <td
          class="p-3"
        >
          multi-instance-process
        </td>
        <td
          class="p-3"
        >
          items
        </td>
        <td
          class="p-3"
        >
          [{"id":1,"value":10,"inCart":10,"inStock":20},{"id":2,"value":20,"inCart":2,"inStock":10}]
        </td>
        <td
          class="p-3"
        >
          2251799813984108
        </td>
        <td
          class="p-3"
        >
          1696667765
        </td>
        <td
          class="p-3"
        >
          Show History
        </td>
      </tr>
      <tr
        class="border-b border-black/10 hover:bg-second-accent/10"
      >
        <td
          class="p-3"
        >
          multi-instance-process
        </td>
        <td
          class="p-3"
        >
          isValid
        </td>
        <td
          class="p-3"
        >
          true
        </td>
        <td
          class="p-3"
        >
          2251799813984108
        </td>
        <td
          class="p-3"
        >
          1696667765
        </td>
        <td
          class="p-3"
        >
          Show History
        </td>
      </tr>
      <tr
        class="border-b border-black/10 bg-second-accent hover:bg-second-accent/20"
      >
        <td
          class="p-3"
        >
          multi-instance-process
        </td>
        <td
          class="p-3"
        >
          total
        </td>
        <td
          class="p-3"
        >
          200
        </td>
        <td
          class="p-3"
        >
          2251799813984108
        </td>
        <td
          class="p-3"
        >
          1696667765
        </td>
        <td
          class="p-3"
        >
          Show History
        </td>
      </tr>
      <tr
        class="border-b border-black/10 hover:bg-second-accent/10"
      >
        <td
          class="p-3"
        >
          another-multi-instance-process
        </td>
        <td
          class="p-3"
        >
          anotherVariable
        </td>
        <td
          class="p-3"
        >
          string
        </td>
        <td
          class="p-3"
        >
          2251799813984432
        </td>
        <td
          class="p-3"
        >
          1696667333
        </td>
        <td
          class="p-3"
        >
          Show History
        </td>
      </tr>
      <tr
        class="border-b border-black/10 bg-second-accent hover:bg-second-accent/20"
      >
        <td
          class="p-3"
        >
          new-multi-instance-process
        </td>
        <td
          class="p-3"
        >
          kmean
        </td>
        <td
          class="p-3"
        >
          newValue
        </td>
        <td
          class="p-3"
        >
          2251799813984100
        </td>
        <td
          class="p-3"
        >
          1696667542
        </td>
        <td
          class="p-3"
        >
          Show History
        </td>
      </tr>
      <tr
        class="border-b border-black/10 hover:bg-second-accent/10"
      >
        <td
          class="p-3"
        >
          sixth-multi-instance-process
        </td>
        <td
          class="p-3"
        >
          amp
        </td>
        <td
          class="p-3"
        >
          integer
        </td>
        <td
          class="p-3"
        >
          2251799813984642
        </td>
        <td
          class="p-3"
        >
          1696667164
        </td>
        <td
          class="p-3"
        >
          Show History
        </td>
      </tr>
      <tr
        class="border-b border-black/10 bg-second-accent hover:bg-second-accent/20"
      >
        <td
          class="p-3"
        >
          multi-instance-process
        </td>
        <td
          class="p-3"
        >
          items
        </td>
        <td
          class="p-3"
        >
          [{"id":1,"value":10,"inCart":10,"inStock":20},{"id":2,"value":20,"inCart":2,"inStock":10}]
        </td>
        <td
          class="p-3"
        >
          2251799813984108
        </td>
        <td
          class="p-3"
        >
          1696667765
        </td>
        <td
          class="p-3"
        >
          Show History
        </td>
      </tr>
      <tr
        class="border-b border-black/10 hover:bg-second-accent/10"
      >
        <td
          class="p-3"
        >
          multi-instance-process
        </td>
        <td
          class="p-3"
        >
          isValid
        </td>
        <td
          class="p-3"
        >
          true
        </td>
        <td
          class="p-3"
        >
          2251799813984108
        </td>
        <td
          class="p-3"
        >
          1696667765
        </td>
        <td
          class="p-3"
        >
          Show History
        </td>
      </tr>
      <tr
        class="border-b border-black/10 bg-second-accent hover:bg-second-accent/20"
      >
        <td
          class="p-3"
        >
          multi-instance-process
        </td>
        <td
          class="p-3"
        >
          total
        </td>
        <td
          class="p-3"
        >
          200
        </td>
        <td
          class="p-3"
        >
          2251799813984108
        </td>
        <td
          class="p-3"
        >
          1696667765
        </td>
        <td
          class="p-3"
        >
          Show History
        </td>
      </tr>
      <tr
        class="border-b border-black/10 hover:bg-second-accent/10"
      >
        <td
          class="p-3"
        >
          another-multi-instance-process
        </td>
        <td
          class="p-3"
        >
          anotherVariable
        </td>
        <td
          class="p-3"
        >
          string
        </td>
        <td
          class="p-3"
        >
          2251799813984432
        </td>
        <td
          class="p-3"
        >
          1696667333
        </td>
        <td
          class="p-3"
        >
          Show History
        </td>
      </tr>
    </tbody>
    <tfoot>
      <tr>
        <td
          class="MuiTablePagination-root css-7ugj6v"
          colspan="6"
        >
          <div
            class="MuiTablePagination-toolbar"
          >
            <div
              class="MuiTablePagination-spacer"
            />
            <p
              class="MuiTablePagination-selectLabel"
              id=":r1:"
            >
              Rows per page:
            </p>
            <select
              aria-label="rows per page"
              aria-labelledby=":r1: :r0:"
              class="MuiTablePagination-select"
              id=":r0:"
            >
              <option
                class="MuiTablePagination-menuItem"
                value="5"
              >
                5
              </option>
              <option
                class="MuiTablePagination-menuItem"
                value="10"
              >
                10
              </option>
              <option
                class="MuiTablePagination-menuItem"
                value="15"
              >
                15
              </option>
              <option
                class="MuiTablePagination-menuItem"
                value="20"
              >
                20
              </option>
              <option
                class="MuiTablePagination-menuItem"
                value="25"
              >
                25
              </option>
              <option
                class="MuiTablePagination-menuItem"
                value="30"
              >
                30
              </option>
              <option
                class="MuiTablePagination-menuItem"
                value="-1"
              >
                All
              </option>
            </select>
            <p
              class="MuiTablePagination-displayedRows"
            >
              1–10 of 12
            </p>
            <div
              class="MuiTablePagination-actions"
            >
              <button
                aria-label="Go to first page"
                disabled=""
                title="Go to first page"
              >
                <span>
                  |⇽
                </span>
              </button>
              <button
                aria-label="Go to previous page"
                disabled=""
                title="Go to previous page"
              >
                <span>
                  ⇽
                </span>
              </button>
              <button
                aria-label="Go to next page"
                title="Go to next page"
              >
                <span>
                  ⇾
                </span>
              </button>
              <button
                aria-label="Go to last page"
                title="Go to last page"
              >
                <span>
                  ⇾|
                </span>
              </button>
            </div>
          </div>
        </td>
      </tr>
    </tfoot>
  </table>
</DocumentFragment>
`;

exports[`VerticalTable Component renders correctly 1`] = `
<DocumentFragment>
  <table
    class="w-full border-collapse rounded bg-white"
  >
    <tbody>
      <tr
        class="bg-second-accent hover:bg-second-accent/20"
      >
        <th
          class="border border-r-0 p-3 text-left"
        >
          Instance key
        </th>
        <td
          class="border border-l-0 p-3 text-left"
        >
          2251799813984108
        </td>
      </tr>
      <tr
        class="hover:bg-second-accent/10"
      >
        <th
          class="border border-r-0 p-3 text-left"
        >
          BPMN process ID
        </th>
        <td
          class="border border-l-0 p-3 text-left"
        >
          multi-instance-process
        </td>
      </tr>
      <tr
        class="bg-second-accent hover:bg-second-accent/20"
      >
        <th
          class="border border-r-0 p-3 text-left"
        >
          Version
        </th>
        <td
          class="border border-l-0 p-3 text-left"
        >
          1
        </td>
      </tr>
      <tr
        class="hover:bg-second-accent/10"
      >
        <th
          class="border border-r-0 p-3 text-left"
        >
          Process key
        </th>
        <td
          class="border border-l-0 p-3 text-left"
        >
          2251799813685249
        </td>
      </tr>
      <tr
        class="bg-second-accent hover:bg-second-accent/20"
      >
        <th
          class="border border-r-0 p-3 text-left"
        >
          State
        </th>
        <td
          class="border border-l-0 p-3 text-left"
        >
          ELEMENT_ACTIVATING
        </td>
      </tr>
      <tr
        class="hover:bg-second-accent/10"
      >
        <th
          class="border border-r-0 p-3 text-left"
        >
          Start time
        </th>
        <td
          class="border border-l-0 p-3 text-left"
        >
          1696667765
        </td>
      </tr>
      <tr
        class="bg-second-accent hover:bg-second-accent/20"
      >
        <th
          class="border border-r-0 p-3 text-left"
        >
          End time
        </th>
        <td
          class="border border-l-0 p-3 text-left"
        >
          1696667800
        </td>
      </tr>
    </tbody>
  </table>
</DocumentFragment>
`;
