// Jest Snapshot v1, https://goo.gl/fbAQLP

exports[`Snackbar Component render correctly 1`] = `
<DocumentFragment>
  <div
    class="MuiSnackbar-root fixed bottom-4 right-4 z-50 flex min-w-[360px] max-w-[560px]"
    role="presentation"
  >
    <div
      class="flex gap-2 p-4 overflow-hidden rounded text-white bg-sucess"
      style="transform: translateX(0); transition: transform 300ms ease; align-content: start;"
    >
      <svg
        aria-hidden="true"
        class="MuiSvgIcon-root MuiSvgIcon-fontSizeMedium success-icon css-c1qtpg-MuiSvgIcon-root"
        data-testid="CheckRoundedIcon"
        focusable="false"
        viewBox="0 0 24 24"
      >
        <path
          d="M9 16.17 5.53 12.7a.9959.9959 0 0 0-1.41 0c-.39.39-.39 1.02 0 1.41l4.18 4.18c.39.39 1.02.39 1.41 0L20.29 7.71c.39-.39.39-1.02 0-1.41a.9959.9959 0 0 0-1.41 0L9 16.17z"
        />
      </svg>
      <div
        class="flex max-w-full"
      >
        <p
          class="snackbar-title"
        >
          Default title
        </p>
        <p
          class="snackbar-description"
        >
          Default message
        </p>
      </div>
      <button
        class="close-button"
        style="all: unset; height: 24px;"
      >
        <svg
          aria-hidden="true"
          class="MuiSvgIcon-root MuiSvgIcon-fontSizeMedium snackbar-close-icon css-1lrr7yx-MuiSvgIcon-root"
          data-testid="CloseIcon"
          focusable="false"
          viewBox="0 0 24 24"
        >
          <path
            d="M19 6.41 17.59 5 12 10.59 6.41 5 5 6.41 10.59 12 5 17.59 6.41 19 12 13.41 17.59 19 19 17.59 13.41 12z"
          />
        </svg>
      </button>
    </div>
  </div>
</DocumentFragment>
`;
